LTspice 24.0.12 for Windows
Circuit: TRAINGLE WAVE GENERATOR FOR CLASS D AMPLIFIER
Start Time: Tue Mar  3 22:59:26 2026
solver = Normal
Maximum thread count: 12
tnom = 27
temp = 27
method = modified trap
Direct Newton iteration failed to find .op point.  (Use ".option noopiter" to skip.)
Starting Gmin stepping
Gmin = 10
Gmin = 1.07374
vernier = 0.5
vernier = 0.666667
Gmin = 0.375229
vernier = 0.888888
vernier = 1
Gmin = 0.0567082
Gmin = 0.006089
vernier = 0.5
Gmin = 0.00102156
vernier = 0.25
vernier = 0.125
vernier = 0.0625
vernier = 0.03125
Gmin = 0.00099805
vernier = 0.015625
vernier = 0.0078125
vernier = 0.00390625
vernier = 0.00195312
Gmin = 0.00100047
vernier = 0.000976562
vernier = 0.000488281
Gmin = 0
Gmin stepping failed

Starting source stepping with srcstepmethod=0
Source Step = 3.0303%
vernier = 0.25
Source Step = 2.27273%
Source Step = 4.16667%
Source Step = 6.06061%
Source Step = 7.95455%
Source Step = 9.84848%
vernier = 0.09375
Source Step = 12.4053%
Source Step = 15.2462%
Source Step = 18.0871%
Source Step = 20.928%
Source Step = 23.7689%
vernier = 0.140625
Source Step = 27.4621%
Source Step = 31.7235%
Source Step = 35.9848%
Source Step = 40.2462%
Source Step = 44.5076%
vernier = 0.210938
Source Step = 49.8343%
Source Step = 56.2263%
Source Step = 62.6184%
Source Step = 69.0104%
Source Step = 75.4025%
vernier = 0.316406
Source Step = 83.0729%
Source Step = 89.8445%
vernier = 0.00494385
Starting source stepping with srcstepmethod=1
Source Step = 3.0303%
Source Step = 33.3333%
Source Step = 63.6364%
Source Step = 93.9394%
Source Step = 99.0089%
Source stepping failed

Pseudo Transient succeeded in finding the operating point at 1.8911 s.
Total elapsed time: 42.368 seconds.

